[Licensing::Module] Trying to connect to existing licensing client channel...
Built from '6000.4/staging' branch; Version is '6000.4.10f1 (feeafc12a938) revision 16706300'; Using compiler version '194234433'; Build Type 'Release'
OS: 'Windows 11  (10.0.26200) Professional' Language: 'en' Physical Memory: 16115 MB
BatchMode: 1, IsHumanControllingUs: 0, StartBugReporterOnCrash: 0, Is64bit: 1
[Licensing::IpcConnector] Successfully connected to: "LicenseClient-Kefir" at "2026-06-11T01:35:48.711451Z"
System  architecture: x64
Process architecture: x64
Date: 2026-06-11T01:35:48Z

COMMAND LINE ARGUMENTS:
C:\Program Files\Unity\Hub\Editor\6000.4.10f1\Editor\Unity.exe
-batchmode
-quit
-nographics
-projectPath
C:\Users\кефир\Alpha
-logFile
C:\Users\кефир\Alpha\compile.log
Successfully changed project path to: C:\Users\кефир\Alpha
C:/Users/кефир/Alpha
Exiting without the bug reporter. Application will terminate with return code 1